Start
Path set
Import done
RAG created, docs: 8
Retrieved: 2 docs
